src/components/AuthGate.tsx(13,11): error TS2339: Property 'hydrated' does not exist on type 'AuthState'.
src/components/CategoryChips.tsx(7,37): error TS2307: Cannot find module '@/dummy/category' or its corresponding type declarations.
src/components/CategoryChips.tsx(25,27): error TS7006: Parameter 'd' implicitly has an 'any' type.
src/components/ProductGrid.tsx(99,15): error TS2322: Type '{ title: string; price: number; mrp: number; image: string; onAdd: () => void; onPress: (() => void) | undefined; }' is not assignable to type 'IntrinsicAttributes & { data: Props; onAdd: () => void; onPress?: (() => void) | undefined; }'.
  Property 'title' does not exist on type 'IntrinsicAttributes & { data: Props; onAdd: () => void; onPress?: (() => void) | undefined; }'.
src/components/VerticalProductSection.tsx(130,11): error TS2322: Type '{ data: ProductItem[]; renderItem: ({ item }: { item: ProductItem; }) => Element; numColumns: number; keyExtractor: (item: ProductItem) => string; contentContainerStyle: { ...; }; ListFooterComponent: () => Element | null; scrollEnabled: false; estimatedItemSize: number; }' is not assignable to type 'IntrinsicAttributes & FlashListProps<ProductItem> & { ref?: Ref<FlashListRef<ProductItem>> | undefined; }'.
  Property 'estimatedItemSize' does not exist on type 'IntrinsicAttributes & FlashListProps<ProductItem> & { ref?: Ref<FlashListRef<ProductItem>> | undefined; }'.
src/screens/auth/RegisterScreen.tsx(19,10): error TS2614: Module '"@store/slices/authSlice"' has no exported member 'registerUser'. Did you mean to use 'import registerUser from "@store/slices/authSlice"' instead?
src/screens/auth/RegisterScreen.tsx(40,11): error TS2339: Property 'status' does not exist on type 'AuthState'.
src/screens/auth/RegisterScreen.tsx(40,19): error TS2339: Property 'error' does not exist on type 'AuthState'.
src/screens/home/CategoryProductsScreen.tsx(236,26): error TS2551: Property 'pages' does not exist on type 'CategoryMixedProductsResponse'. Did you mean 'page'?
src/screens/home/QuickAccessScreen.tsx(167,24): error TS2551: Property 'pages' does not exist on type 'FilteredMixedProductsResponse'. Did you mean 'page'?
src/screens/product/ProductDetailScreen.tsx(537,32): error TS2551: Property 'pages' does not exist on type 'CategoryMixedProductsResponse'. Did you mean 'page'?
